nohup: ignoring input
$ next dev
▲ Next.js 16.2.9 (Turbopack)
- Local:         http://localhost:3000
- Network:       http://169.254.0.21:3000
- Environments: .env.local
✓ Ready in 5.1s

○ Compiling / ...
 HEAD / 200 in 245ms (next.js: 4ms, proxy.ts: 137ms, application-code: 105ms)
 GET / 200 in 8.3s (next.js: 6.6s, proxy.ts: 636ms, application-code: 1012ms)
 GET / 200 in 2.7s (next.js: 1956ms, proxy.ts: 8ms, application-code: 752ms)
 GET /signup 200 in 1283ms (next.js: 1120ms, proxy.ts: 6ms, application-code: 156ms)
 GET / 200 in 188ms (next.js: 8ms, proxy.ts: 8ms, application-code: 172ms)
 GET / 200 in 208ms (next.js: 14ms, proxy.ts: 23ms, application-code: 171ms)
 GET / 200 in 95ms (next.js: 9ms, proxy.ts: 11ms, application-code: 75ms)
 GET /dashboard 200 in 1817ms (next.js: 1375ms, proxy.ts: 4ms, application-code: 438ms)
 GET /api/organizations 200 in 1089ms (next.js: 1052ms, proxy.ts: 4ms, application-code: 33ms)
 GET /api/config/status 200 in 1110ms (next.js: 1096ms, proxy.ts: 5ms, application-code: 9ms)
 GET /api/organizations 200 in 20ms (next.js: 5ms, proxy.ts: 6ms, application-code: 9ms)
 GET /api/config/status 200 in 19ms (next.js: 7ms, proxy.ts: 6ms, application-code: 6ms)
 GET /invoices 200 in 946ms (next.js: 845ms, proxy.ts: 7ms, application-code: 95ms)
 GET /api/organizations 200 in 13ms (next.js: 3ms, proxy.ts: 4ms, application-code: 7ms)
 GET /sequences 200 in 1084ms (next.js: 1014ms, proxy.ts: 11ms, application-code: 60ms)
 GET /api/organizations 200 in 25ms (next.js: 6ms, proxy.ts: 9ms, application-code: 10ms)
 GET /settings 200 in 1382ms (next.js: 1331ms, proxy.ts: 6ms, application-code: 46ms)
 GET /api/organizations 200 in 46ms (next.js: 11ms, proxy.ts: 13ms, application-code: 21ms)
 GET /api/organization 200 in 498ms (next.js: 396ms, proxy.ts: 19ms, application-code: 84ms)
 GET /api/organization 200 in 89ms (next.js: 34ms, proxy.ts: 37ms, application-code: 18ms)
 GET /api/config/status 200 in 16ms (next.js: 4ms, proxy.ts: 4ms, application-code: 8ms)
 GET /api/config/status 200 in 50ms (next.js: 26ms, proxy.ts: 6ms, application-code: 18ms)
 GET /api/auth/status 200 in 247ms (next.js: 233ms, proxy.ts: 6ms, application-code: 7ms)
 GET /api/auth/status 200 in 35ms (next.js: 17ms, proxy.ts: 8ms, application-code: 10ms)
